// Vitest Snapshot v1, https://vitest.dev/guide/snapshot.html

exports[`credential-isolation paths (snapshot) > settings-file conflicts: neutralize / warn / fail-closed disposition 1`] = `
{
  "autoFix_neutralize": [
    "project",
  ],
  "failClosed_userFixes": [
    "managed",
  ],
  "warnOnly_alreadyIgnored": [
    "user",
    "project-local",
  ],
}
`;

exports[`credential-isolation paths (snapshot) > subprocess env: disposition of every credential path 1`] = `
{
  "ANTHROPIC_API_KEY": "stripped",
  "ANTHROPIC_AUTH_TOKEN": "preserved",
  "ANTHROPIC_AWS_API_KEY": "stripped",
  "ANTHROPIC_AWS_BASE_URL": "stripped",
  "ANTHROPIC_BASE_URL": "preserved",
  "ANTHROPIC_BEDROCK_BASE_URL": "stripped",
  "ANTHROPIC_BEDROCK_MANTLE_BASE_URL": "stripped",
  "ANTHROPIC_CUSTOM_HEADERS": "preserved",
  "ANTHROPIC_ENVIRONMENT_KEY": "stripped",
  "ANTHROPIC_FOUNDRY_API_KEY": "stripped",
  "ANTHROPIC_FOUNDRY_BASE_URL": "stripped",
  "ANTHROPIC_IDENTITY_TOKEN_FILE": "stripped",
  "ANTHROPIC_NEWPROVIDER_BASE_URL": "stripped",
  "ANTHROPIC_PROFILE": "stripped",
  "ANTHROPIC_VERTEX_BASE_URL": "stripped",
  "ANTHROPIC_VERTEX_PROJECT_ID": "stripped",
  "AWS_ACCESS_KEY_ID": "preserved",
  "AWS_BEARER_TOKEN_BEDROCK": "stripped",
  "CLAUDE_CODE_API_KEY_FILE_DESCRIPTOR": "stripped",
  "CLAUDE_CODE_API_KEY_HELPER_TTL_MS": "stripped",
  "CLAUDE_CODE_CLIENT_KEY": "stripped",
  "CLAUDE_CODE_HOST_AUTH_ENV_VAR": "stripped",
  "CLAUDE_CODE_OAUTH_TOKEN": "preserved",
  "CLAUDE_CODE_OAUTH_TOKEN_FILE_DESCRIPTOR": "stripped",
  "CLAUDE_CODE_SESSION_ACCESS_TOKEN": "stripped",
  "CLAUDE_CODE_SKIP_BEDROCK_AUTH": "stripped",
  "CLAUDE_CODE_SKIP_FOUNDRY_AUTH": "stripped",
  "CLAUDE_CODE_SKIP_VERTEX_AUTH": "stripped",
  "CLAUDE_CODE_USE_BEDROCK": "stripped",
  "CLAUDE_CODE_USE_VERTEX": "stripped",
  "GOOGLE_APPLICATION_CREDENTIALS": "preserved",
  "HOME": "preserved",
  "PATH": "preserved",
}
`;
