// Vitest Snapshot v1, https://vitest.dev/guide/snapshot.html

exports[`credential-isolation paths (snapshot) > settings-file conflicts: neutralize / warn / fail-closed disposition 1`] = `
{
  "autoFix_neutralize": [
    "project",
  ],
  "failClosed_userFixes": [
    "managed",
  ],
  "warnOnly_alreadyIgnored": [
    "user",
    "project-local",
  ],
}
`;

exports[`credential-isolation paths (snapshot) > subprocess env: disposition of every credential path 1`] = `
{
  "ANTHROPIC_API_KEY": "stripped",
  "ANTHROPIC_AUTH_TOKEN": "stripped",
  "ANTHROPIC_AWS_API_KEY": "stripped",
  "ANTHROPIC_AWS_BASE_URL": "stripped",
  "ANTHROPIC_BASE_URL": "stripped",
  "ANTHROPIC_BEDROCK_BASE_URL": "stripped",
  "ANTHROPIC_BEDROCK_MANTLE_BASE_URL": "stripped",
  "ANTHROPIC_CUSTOM_HEADERS": "stripped",
  "ANTHROPIC_ENVIRONMENT_KEY": "stripped",
  "ANTHROPIC_FEDERATION_RULE_ID": "stripped",
  "ANTHROPIC_FOUNDRY_API_KEY": "stripped",
  "ANTHROPIC_FOUNDRY_BASE_URL": "stripped",
  "ANTHROPIC_IDENTITY_TOKEN": "stripped",
  "ANTHROPIC_IDENTITY_TOKEN_FILE": "stripped",
  "ANTHROPIC_NEWPROVIDER_BASE_URL": "stripped",
  "ANTHROPIC_PROFILE": "stripped",
  "ANTHROPIC_SERVICE_ACCOUNT_ID": "stripped",
  "ANTHROPIC_VERTEX_BASE_URL": "stripped",
  "ANTHROPIC_VERTEX_PROJECT_ID": "stripped",
  "AWS_ACCESS_KEY_ID": "preserved",
  "AWS_BEARER_TOKEN_BEDROCK": "stripped",
  "CLAUDE_CODE_API_BASE_URL": "stripped",
  "CLAUDE_CODE_API_KEY_FILE_DESCRIPTOR": "stripped",
  "CLAUDE_CODE_API_KEY_HELPER_TTL_MS": "stripped",
  "CLAUDE_CODE_CLIENT_KEY": "stripped",
  "CLAUDE_CODE_HFI_BEARER_TOKEN": "stripped",
  "CLAUDE_CODE_HOST_AUTH_ENV_VAR": "stripped",
  "CLAUDE_CODE_OAUTH_REFRESH_TOKEN": "stripped",
  "CLAUDE_CODE_OAUTH_TOKEN": "stripped",
  "CLAUDE_CODE_OAUTH_TOKEN_FILE_DESCRIPTOR": "stripped",
  "CLAUDE_CODE_PROVIDER_MANAGED_BY_HOST": "stripped",
  "CLAUDE_CODE_SDK_HAS_HOST_AUTH_REFRESH": "stripped",
  "CLAUDE_CODE_SDK_HAS_OAUTH_REFRESH": "stripped",
  "CLAUDE_CODE_SESSION_ACCESS_TOKEN": "stripped",
  "CLAUDE_CODE_SKIP_BEDROCK_AUTH": "stripped",
  "CLAUDE_CODE_SKIP_FOUNDRY_AUTH": "stripped",
  "CLAUDE_CODE_SKIP_VERTEX_AUTH": "stripped",
  "CLAUDE_CODE_USE_ANTHROPIC_AWS": "stripped",
  "CLAUDE_CODE_USE_BEDROCK": "stripped",
  "CLAUDE_CODE_USE_FOUNDRY": "stripped",
  "CLAUDE_CODE_USE_MANTLE": "stripped",
  "CLAUDE_CODE_USE_VERTEX": "stripped",
  "CLAUDE_CODE_WEBSOCKET_AUTH_FILE_DESCRIPTOR": "stripped",
  "GOOGLE_APPLICATION_CREDENTIALS": "preserved",
  "HOME": "preserved",
  "PATH": "preserved",
}
`;
