// Vitest Snapshot v1, https://vitest.dev/guide/snapshot.html

exports[`boundary contracts > agent consumes exactly the recorded names from other surfaces 1`] = `
{
  "@store": [
    "ADDITIONAL_FEATURE_PROMPTS",
    "AGENT_ERROR_CODE",
    "AUDIT_ADD_CHECKS_DESCRIPTION",
    "AUDIT_ADD_CHECKS_PARAM_DESCRIPTION",
    "AUDIT_RESOLVE_CHECKS_DESCRIPTION",
    "AUDIT_RESOLVE_CHECKS_PARAM_DESCRIPTION",
    "AUDIT_SEED_CHECKS_DESCRIPTION",
    "AUDIT_SEED_CHECKS_PARAM_DESCRIPTION",
    "AUDIT_STATUSES",
    "AWS_SKILLS_BASE_URL",
    "AgentErrorType",
    "AgentSignals",
    "CHECK_ENV_KEYS_DESCRIPTION",
    "CHECK_ENV_KEYS_FILE_PATH_DESCRIPTION",
    "CallType",
    "DEFAULT_AGENT_MODEL",
    "DEFAULT_ASK_MAX_QUESTIONS",
    "ENV_FILE_PATH_DESCRIPTION",
    "ErrorCodes",
    "FRAMEWORK_REGISTRY",
    "GPT5_6_LUNA_MODEL",
    "GPT5_6_SOL_MODEL",
    "GPT5_6_TERRA_MODEL",
    "HAIKU_MODEL",
    "HAIKU_TRIAGE_MODEL",
    "Harness",
    "LINTING_TOOLS",
    "LONGER_ASK_TIMEOUT_MS",
    "OutroKind",
    "POSTHOG_DOCS_URL",
    "PUBLISH_HANDOFF_CONTENT_DESCRIPTION",
    "PUBLISH_HANDOFF_DESCRIPTION",
    "PUBLISH_HANDOFF_TOOL_NAME",
    "REMARK_INSTRUCTION",
    "RESUME_INSTRUCTION",
    "SERVER_NAME",
    "SERVICE_LABELS",
    "SIGNUP_WIZARD_READINESS_CONFIG",
    "SONNET_5_MODEL",
    "Sequence",
    "ServiceHealthStatus",
    "VERSION",
    "WIZARD_ASK_KIND_DESCRIPTION",
    "WIZARD_ASK_SENSITIVE_DESCRIPTION",
    "WIZARD_ASK_SUBJECT_DESCRIPTION",
    "WIZARD_ASK_TOOL_DESCRIPTION",
    "WIZARD_BENCHMARK_FILE",
    "WIZARD_CONTACT_EMAIL",
    "WIZARD_LOG_FILE",
    "WIZARD_ORCHESTRATOR_FLAG_KEY",
    "WIZARD_ORCHESTRATOR_OVERRIDE_FLAG_KEY",
    "WIZARD_ORCHESTRATOR_SEEDED_TASKS_FLAG_KEY",
    "WIZARD_REMARK_EVENT_NAME",
    "WIZARD_SELF_DRIVING_USE_PI_HARNESS_FLAG_KEY",
    "WIZARD_TOOL_NAMES",
    "WIZARD_USER_AGENT",
    "WizardError",
    "WizardReadiness",
    "addAuditChecks",
    "analytics",
    "authenticate",
    "backupAndFixClaudeSettings",
    "checkAllSettingsConflicts",
    "checkEnvKeys",
    "checkLlmGatewayHealth",
    "ciExcludedTaskTypes",
    "classifyAuthFailure",
    "classifySettingsConflicts",
    "classifyToolToStage",
    "coerceAgenticReport",
    "computeTokenCostUsd",
    "configureLogFile",
    "createAskAccounting",
    "createCustomHeaders",
    "createPostToolUseYaraHooks",
    "createPreToolUseYaraHooks",
    "createRepeatBlockTracker",
    "createSecretVault",
    "createWizardAskBridge",
    "debug",
    "deriveReportJson",
    "describeAskCancellation",
    "detectNodePackageManagers",
    "downloadSkill",
    "enableDebugLogs",
    "ensureGitignoreCoverage",
    "evaluateWizardReadiness",
    "fetchSkillMenu",
    "fetchWithRetry",
    "flushScanReport",
    "formatScanReport",
    "formatYaraAbortMessage",
    "getBlockingServiceKeys",
    "getLogFilePath",
    "getSkillsBaseUrl",
    "getUI",
    "initLogFile",
    "installSkillById",
    "isFullyCancelled",
    "isGrantRevoked",
    "isNonInteractiveEnvironment",
    "isSkillInstallCommand",
    "isTemplateEnvFileName",
    "isWizardDocumentationPath",
    "legacyKeyNameRefusal",
    "logToFile",
    "makeMutex",
    "manifestGlob",
    "mcpUrlFor",
    "mergeEnvValues",
    "normaliseAskSubject",
    "prewarmYaraScanner",
    "publishBlockingMatch",
    "publishHandoff",
    "recordExternalScan",
    "refreshAccessTokenIfNeeded",
    "registerCleanup",
    "repeatBlockReason",
    "resolveAskQuestionKinds",
    "resolveAuditChecks",
    "resolveEnvPath",
    "resolveEnvSecretRefs",
    "restoreClaudeSettings",
    "ringTerminalBell",
    "sanitizeAgentSubprocessEnv",
    "scanAndTriage",
    "scanVerdict",
    "seedAuditChecks",
    "shouldDisableAsk",
    "skillErrorCode",
    "templateEnvWriteRefusal",
    "vaultSensitiveAnswers",
    "wizardAbort",
    "wizardUserAgentForProgram",
    "writeJsonAtomic",
    "writeScanReport",
  ],
  "@store/programs": [
    "AUDIT_CHECKS_FILE",
    "maybeStampAiSdkDetected",
    "startAuditLedgerWatcher",
  ],
  "@store/types": [
    "AbortCase",
    "AdditionalFeature",
    "AgentChunk",
    "AgentSignal",
    "AgenticDetectOptions",
    "AgenticDetectionReport",
    "ApiProject",
    "AuditCheck",
    "AuditStatus",
    "CloudRegion",
    "Credentials",
    "DetectTarget",
    "Harness",
    "HostResolution",
    "InstallSkillResult",
    "Integration",
    "PackageManagerDetector",
    "ProgramId",
    "ProgramRun",
    "ProgramRunConfig",
    "PromptContext",
    "RepeatBlockTracker",
    "ScanContext",
    "SecretVault",
    "Sequence",
    "SettingsConflict",
    "SettingsConflictSource",
    "SkillEntry",
    "SpinnerHandle",
    "TaskNotice",
    "TokenUsageDelta",
    "WizardAskBridge",
    "WizardRunOptions",
    "WizardSession",
  ],
}
`;

exports[`boundary contracts > cli consumes exactly the recorded names from other surfaces 1`] = `
{
  "@agent": [
    "configureGatewayFromCIEnvironment",
    "detectProjectsWithAgent",
    "runAgent",
    "runMcpPromptViaSdk",
  ],
  "@agent/types": [
    "RunAgent",
  ],
  "@store": [
    "ApiError",
    "CLI_STEERING_TARGETS",
    "ErrorCodes",
    "Harness",
    "OutroKind",
    "POSTHOG_DOCS_URL",
    "POSTHOG_LOCAL_URL",
    "PostHogDestination",
    "RunPhase",
    "Sequence",
    "StoreUI",
    "TaskStreamPush",
    "VERSION",
    "WIZARD_TOOL_NAMES",
    "WizardError",
    "WizardStore",
    "addMCPServerToClientsStep",
    "analytics",
    "authenticate",
    "buildSession",
    "checkLocalServices",
    "classifyRunFailure",
    "configureLogFileFromEnvironment",
    "createFileDestination",
    "detectErrorCode",
    "detectTargets",
    "emitWizardError",
    "fetchSkillMenu",
    "findTarget",
    "getLocalDev",
    "getLogFilePath",
    "getOrAskForProjectData",
    "getSkillsBaseUrl",
    "getUI",
    "headlessOption",
    "initLocalDev",
    "installOrUpdatePostHogCli",
    "installSteeringSnippet",
    "isHeadless",
    "isNonInteractiveEnvironment",
    "isRunFailure",
    "localMcpSkillsNotice",
    "logToFile",
    "provisionNewAccount",
    "readApiKeyFromEnv",
    "readEnvironment",
    "recoverOrphanedSettingsBackups",
    "regionOption",
    "removeMCPServerFromClientsStep",
    "runCleanups",
    "setDetectionAgent",
    "setEntryCommand",
    "setMcpPromptRunner",
    "setUI",
    "wizardAbort",
  ],
  "@store/programs": [
    "AUDIT_CHECKS_FILE",
    "Program",
    "agentSkillConfig",
    "aiObservabilityConfig",
    "auditConfig",
    "createSkillProgram",
    "errorTrackingConfig",
    "errorTrackingUploadSourceMapsConfig",
    "fetchHealthIssues",
    "flowFor",
    "getAuditChecks",
    "getKindMeta",
    "getProgramConfig",
    "maybeStampAiSdkDetected",
    "mcpAnalyticsConfig",
    "metricsConfig",
    "migrationConfig",
    "posthogDoctorConfig",
    "posthogIntegrationConfig",
    "replayVisionConfig",
    "revenueAnalyticsConfig",
    "runConfigFor",
    "selfDrivingConfig",
    "warehouseSourceConfig",
    "webAnalyticsDoctorConfig",
  ],
  "@store/types": [
    "CliEntry",
    "CliSteeringTarget",
    "CloudRegion",
    "ControlHooks",
    "ControlServerHandle",
    "DetectRequest",
    "ErrorCode",
    "Harness",
    "OutroData",
    "ProgramConfig",
    "ProgramId",
    "ProvisioningResult",
    "RunPhase",
    "RunRequest",
    "Sequence",
    "TaskStreamPush",
    "WizardSession",
    "WizardStore",
  ],
  "@tui": [
    "createFamilyPickerDefault",
    "startPlayground",
    "startTUI",
  ],
  "@tui/console": [
    "HeadlessUI",
    "LoggingUI",
  ],
  "@tui/types": [
    "TuiHandle",
  ],
}
`;

exports[`boundary contracts > tui consumes exactly the recorded names from other surfaces 1`] = `
{
  "@store": [
    "ADDITIONAL_FEATURE_LABELS",
    "ALL_FEATURE_VALUES",
    "AVAILABLE_FEATURES",
    "AdditionalFeature",
    "AgentPhase",
    "ApiError",
    "CONTEXT_MILL_RELEASES_URL",
    "CONTEXT_MILL_URL",
    "DiscoveredFeature",
    "ErrorCodes",
    "FOLLOW_UP_EXIT_SENTINEL",
    "FRAMEWORK_REGISTRY",
    "GITHUB_SKILLS_BASE_URL",
    "HostResolution",
    "Integration",
    "Interrupt",
    "MAX_STATUS_MESSAGES",
    "McpClientStatus",
    "McpOutcome",
    "OAUTH_PORTS",
    "OAUTH_TIMEOUT_MS",
    "OutroKind",
    "POSTHOG_APP_URL",
    "POSTHOG_DOCS_URL",
    "POSTHOG_ORG_AI_SETTINGS_URL",
    "POSTHOG_PRIVACY_URL",
    "POSTHOG_TERMS_URL",
    "RunPhase",
    "SERVICE_LABELS",
    "SIGNUP_WIZARD_READINESS_CONFIG",
    "ScanConsent",
    "ServiceHealthStatus",
    "StoreUI",
    "TAILORED_ROLES",
    "TaskStatus",
    "WIZARD_LOG_FILE",
    "WizardReadiness",
    "WizardStore",
    "analytics",
    "assembleProfile",
    "copyToClipboard",
    "degradedProfile",
    "downloadSkill",
    "extractOAuthCode",
    "fetchGithubConnected",
    "fetchSkillMenu",
    "fetchSlackConnected",
    "fetchUserData",
    "formatCostUsd",
    "formatTokenCount",
    "getBlockingServiceKeys",
    "getFollowUps",
    "getGeneratedQuests",
    "getInstalledClients",
    "getIntegrationAuthorizeUrl",
    "getLogFilePath",
    "getMcpPromptRunner",
    "getOrAskForProjectData",
    "getRoleGreeting",
    "getRolePrompts",
    "getSeedOfferGreeting",
    "getSkillsBaseUrl",
    "getSlackAppCard",
    "getSupportedClients",
    "getSupportedPluginClients",
    "getTutorialPicker",
    "installPlugins",
    "isAllFeaturesSelected",
    "isBrowserFinishable",
    "isKnownCloudHost",
    "isLoginCapable",
    "isOk",
    "isPluginCapable",
    "isRunFailure",
    "logToFile",
    "namesWithStatus",
    "openInBrowser",
    "openTrackedLink",
    "probeProjectData",
    "redactSecrets",
    "relativeToInstallDir",
    "removeMCPServer",
    "requestDeepLink",
    "seedDemoEvents",
    "seededProfile",
    "setUI",
    "startFileWatcher",
    "summarizeFailure",
    "toClientResult",
    "totalTokenCount",
    "withUtm",
    "wizardAbort",
    "writeWizardSpellbook",
  ],
  "@store/programs": [
    "AUDIT_REPORT_FILE",
    "AUDIT_SEVERITY_STYLE",
    "ERROR_TRACKING_PROJECT_PATH_KEY",
    "GITHUB_REQUIRED_BODY",
    "GITHUB_REQUIRED_MESSAGE",
    "MANUAL_SDK_VARIANTS",
    "NO_DEFAULT_LIMIT",
    "POSTHOG_SDKS",
    "PRICING_LONG",
    "PRICING_SHORT",
    "PROGRAM_REGISTRY",
    "Program",
    "REPLAY_VISION_SUPPORTED",
    "SELF_DRIVING_INTEGRATE_PATH_KEY",
    "SETUP_REPORT_FILE",
    "SOURCE_MAPS_CONTEXT_KEYS",
    "STRIPE_SDKS",
    "VARIANT_DISPLAY_NAME",
    "detectErrorTrackingProjects",
    "detectSelfDrivingIntegrationProjects",
    "detectSourceMapsProjects",
    "fetchHealthIssues",
    "flowFor",
    "getAuditChecks",
    "getCommandPath",
    "getDetectedWarehouseSources",
    "getKindMeta",
    "getLaunchablePrograms",
    "getProgramConfig",
  ],
  "@store/types": [
    "AgentChunk",
    "AllServicesHealth",
    "ApiUser",
    "AskAnswers",
    "AskQuestion",
    "AuditCheck",
    "AuditStatus",
    "AuthErrorDetail",
    "CloudRegion",
    "Credentials",
    "DetectedProject",
    "DetectionReport",
    "ErrorTrackingDetectionReport",
    "ErrorTrackingProject",
    "FileWatcherHandle",
    "FileWatcherOptions",
    "HealthCheckKey",
    "HealthIssue",
    "HealthIssueSeverity",
    "Integration",
    "IntegrationDetectionReport",
    "IntegrationProject",
    "McpClientResult",
    "McpPromptRequest",
    "OutroData",
    "PendingQuestion",
    "PlannedEvent",
    "ProgramId",
    "ProjectDataProfile",
    "PromptOption",
    "RevenueDetectError",
    "RoleGreeting",
    "SelfDrivingDetectError",
    "SettingsConflict",
    "SetupQuestion",
    "SkillEntry",
    "SpinnerHandle",
    "TaskNotice",
    "TokenUsageDelta",
    "TokenUsageSnapshot",
    "WarehouseDetectError",
    "WizardReadinessResult",
    "WizardSession",
    "WizardSpellbook",
    "WizardStore",
    "WizardUI",
  ],
}
`;
