                              [0m[38;5;58;48;5;178m PostHog Wizard v2.76.1                                                                    Feedback: wizard@posthog.com [0m                              
                                                                                                                                                                                    
                                [0m[1;38;5;178mLearn[0m                                                      [0m[1mTasks[0m                                                                                    
                                                                                                                                                                                    
                                [0m[2mYou can view the Wizard's status below.[0m                    [0m[38;5;6m▶[0m Add PostHog SDK                                                                        
                                                                                           [0m[38;5;6m▶[0m Initialize PostHog                                                                     
                                Press [0m[1;38;5;178mS[0m to expand or collapse the status.                  [0m[38;5;8m◻[0m [0m[2mAdd user identification[0m                                                                
                                                                                           [0m[38;5;8m◻[0m [0m[2mEnable error tracking[0m                                                                  
                                                                                           [0m[38;5;8m◻[0m [0m[2mInstrument key events[0m                                                                  
                                                                                           [0m[38;5;8m◻[0m [0m[2mReview integration[0m                                                                     
                                                                                           [0m[38;5;8m◻[0m [0m[2mCreate product insights[0m                                                                
                                                                                           [0m[38;5;8m◻[0m [0m[2mPublish setup report[0m                                                                   
                                                                                                                                                                                    
                                                                                           [0m[38;5;4m⠏[0m [0m[2mProgress: 0/8 completed[0m                                                                
                                                                                                                                                                                    
                                                                                                                                                                                    
                                                                                                                                                                                    
                                                                                                                                                                                    
                                                                                                                                                                                    
                                                                                                                                                                                    
                                                                                                                                                                                    
                                                                                                                                                                                    
                                                                                                                                                                                    
                                                                                                                                                                                    
                                                                                                                                                                                    
                                                                                                                                                                                    
                                                                                                                                                                                    
                                                                                                                                                                                    
                                                                                                                                                                                    
                                                                                                                                                                                    
                                                                                                                                                                                    
                                                                                                                                                                                    
                                                                                                                                                                                    
                                                                                                                                                                                    
                               [0m[38;5;8m──────────────────────────────────────────────────────────────────────────────────────────────────────────────────────[0m                               
                                [0m[2;38;5;8m┊ Seeding the PostHog integration workflow.[0m                                                                                                         
                                [0m[2;38;5;8m┊ Adding the SDK installation task.[0m                                                                                                                 
                                [0m[2;38;5;8m┊ Adding the initialization task.[0m                                                                                                                   
                                [0m[2;38;5;8m┊ Queuing identity instrumentation after setup prerequisites.[0m                                                                                       
                                [0m[2;38;5;8m┊ Queuing error tracking after setup prerequisites.[0m                                                                                                 
                                [0m[2;38;5;8m┊ Queuing event instrumentation after identity work.[0m                                                                                                
                                [0m[2;38;5;8m┊ Queuing the integration review and verification pass.[0m                                                                                             
                                [0m[2;38;5;8m┊ Queuing analytics insights from the instrumented events.[0m                                                                                          
                                [0m[2;38;5;8m┊ Queuing the final reviewed setup report.[0m                                                                                                          
                                [0m[38;5;8m◆ Planned the integration[0m                                                                                                                           
                                                                                                                                                                                    
                                [0m[1;7;38;5;178m Status [0m [0m[38;5;8m Tail logs [0m [0m[38;5;8m Visualizer [0m [0m[38;5;8m HN [0m                                                                                                              
                                                                                                                                                                                    
                                [0m[1;38;5;8m←→[0m[2m switch tab[0m  [0m[1;38;5;8ms[0m[2m toggle status[0m                                                                                                                      
