                              [0m[38;5;58;48;5;178m PostHog Wizard v2.76.1                                                                    Feedback: wizard@posthog.com [0m                              
                                                                                                                                                                                    
                                [0m[1;38;5;178mLearn[0m                                                      [0m[1mTasks[0m                                                                                    
                                                                                                                                                                                    
                                [0m[2mOr funnels to reveal bottlenecks.[0m                          [0m[38;5;2m◼[0m Add PostHog SDK                                                                        
                                                                                           [0m[38;5;2m◼[0m Initialize PostHog                                                                     
                                [0m[1m  Funnel · ride conversion[0m                                 [0m[38;5;6m▶[0m Enable error tracking                                                                  
                                                                                           [0m[38;5;6m▶[0m Instrument key events                                                                  
                                  [0m[1m1[0m  app_launched                     [0m[1;38;5;2m100.00%[0m              [0m[38;5;8m◻[0m [0m[2mReview integration[0m                                                                     
                                [0m[38;5;6m     ██████████████████████████████[0m                        [0m[38;5;8m◻[0m [0m[2mCreate product insights[0m                                                                
                                [0m[2m     → 1,200 users[0m                                         [0m[38;5;8m◻[0m [0m[2mPublish setup report[0m                                                                   
                                                                                                                                                                                    
                                  [0m[1m2[0m  ride_requested       [0m[2mavg 2m 30s[0m   [0m[1;38;5;2m72.00%[0m              [0m[38;5;4m⠏[0m [0m[2mProgress: 2/7 completed[0m                                                                
                                     [0m[38;5;6m██████████████████████[0m[2m░░░░░░░░░[0m                       [0m[2m(1 skipped as not required)[0m                                                              
                                     [0m[2m→ 864 users[0m  [0m[38;5;1m↘[0m[2m 336 (28%)[0m                                                                                                                       
                                                                                                                                                                                    
                                                                                                                                                                                    
                                                                                                                                                                                    
                                                                                                                                                                                    
                                                                                                                                                                                    
                                                                                                                                                                                    
                                                                                                                                                                                    
                                                                                                                                                                                    
                                                                                                                                                                                    
                                                                                                                                                                                    
                                                                                                                                                                                    
                                                                                                                                                                                    
                                                                                                                                                                                    
                                                                                                                                                                                    
                                                                                                                                                                                    
                                                                                                                                                                                    
                                                                                                                                                                                    
                                                                                                                                                                                    
                                                                                                                                                                                    
                                                                                                                                                                                    
                                                                                                                                                                                    
                                                                                                                                                                                    
                                                                                                                                                                                    
                                                                                                                                                                                    
                                                                                                                                                                                    
                                                                                                                                                                                    
                               [0m[38;5;8m──────────────────────────────────────────────────────────────────────────────────────────────────────────────────────[0m                               
                                [0m[2;38;5;8m┊ The API has no authentication, user records, sessions, or other user concept from which a stable distinct ID can [0m                                 
                                [0m[2;38;5;8mbe established.[0m                                                                                                                                     
                                [0m[38;5;8m◆ Retrying the targeted Express handler edit with the validated file path.[0m                                                                          
                                                                                                                                                                                    
                                [0m[1;7;38;5;178m Status [0m [0m[38;5;8m Tail logs [0m [0m[38;5;8m Visualizer [0m [0m[38;5;8m HN [0m                                                                                                              
                                                                                                                                                                                    
                                [0m[1;38;5;8m←→[0m[2m switch tab[0m  [0m[1;38;5;8ms[0m[2m toggle status[0m                                                                                                                      
