// Vitest Snapshot v1, https://vitest.dev/guide/snapshot.html

exports[`posthog-integration notebook outro (one-file Node.js project) > mirrors the report into a notebook, opens it, and surfaces it in the outro 1`] = `
{
  "changes": [
    "Analyzed your Node.js project structure",
    "Installed the posthog-node package",
    "Created PostHog initialization with proper configuration",
    "Configured graceful shutdown for event flushing",
    "Added example code for events, feature flags, and error capture",
    "Added environment variables to .env file",
  ],
  "continueUrl": undefined,
  "docsUrl": "https://posthog.com/docs/libraries/node",
  "handoffPrompt": "Read \`posthog-setup-report.md\` and work through its "Verify before merging" checklist: investigate each item, then list the changes you'd make and get my approval before applying any of them.",
  "kind": "success",
  "message": "Successfully installed PostHog!",
  "notebookUrl": "https://us.posthog.com/project/1/notebooks/AbC123",
  "reportFile": "posthog-setup-report.md",
}
`;
